node : (node:14840) 
ExperimentalWarning: VM 
Modules is an experimental 
feature and might change at 
any time
At line:1 char:1
+ node 
--experimental-vm-modules 
node_modules/jest/bin/jest.js 
--config ...
+ ~~~~~~~~~~~~~~~~~~~~~~~~~~~~
~~~~~~~~~~~~~~~~~~~~~~~~~~~~~~
~~~~~~~~~~~
    + CategoryInfo          : 
    NotSpecified: ((node:148  
  40) Ex...nge at any time:   
 String) [], RemoteExcepti    
on
    + FullyQualifiedErrorId : 
    NativeCommandError
 
(Use `node --trace-warnings 
...` to show where the 
warning was created)
FAIL 
tests/order/refund.test.js 
(112.12 s)
  ΓùÅ Console

    console.log
      Downloading MongoDB 
"8.2.1": 0% (0mb / 
513.5mb)[0G

      at MongoBinaryDownload.p
rintDownloadProgress (node_mod
ules/mongodb-memory-server-cor
e/src/util/MongoBinaryDownload
.ts:664:15)

    console.log
      Downloading MongoDB 
"8.2.1": 0.3% (1.5mb / 
513.5mb)[0G

      at MongoBinaryDownload.p
rintDownloadProgress (node_mod
ules/mongodb-memory-server-cor
e/src/util/MongoBinaryDownload
.ts:664:15)

    console.log
      Downloading MongoDB 
"8.2.1": 0.6% (2.9mb / 
513.5mb)[0G

      at MongoBinaryDownload.p
rintDownloadProgress (node_mod
ules/mongodb-memory-server-cor
e/src/util/MongoBinaryDownload
.ts:664:15)

    console.log
      Downloading MongoDB 
"8.2.1": 0.9% (4.7mb / 
513.5mb)[0G

      at MongoBinaryDownload.p
rintDownloadProgress (node_mod
ules/mongodb-memory-server-cor
e/src/util/MongoBinaryDownload
.ts:664:15)

    console.log
      Downloading MongoDB 
"8.2.1": 1.1% (5.4mb / 
513.5mb)[0G

      at MongoBinaryDownload.p
rintDownloadProgress (node_mod
ules/mongodb-memory-server-cor
e/src/util/MongoBinaryDownload
.ts:664:15)

    console.log
      Downloading MongoDB 
"8.2.1": 1.3% (6.9mb / 
513.5mb)[0G

      at MongoBinaryDownload.p
rintDownloadProgress (node_mod
ules/mongodb-memory-server-cor
e/src/util/MongoBinaryDownload
.ts:664:15)

    console.log
      Downloading MongoDB 
"8.2.1": 1.5% (7.9mb / 
513.5mb)[0G

      at MongoBinaryDownload.p
rintDownloadProgress (node_mod
ules/mongodb-memory-server-cor
e/src/util/MongoBinaryDownload
.ts:664:15)

    console.log
      Downloading MongoDB 
"8.2.1": 1.8% (9mb / 
513.5mb)[0G

      at MongoBinaryDownload.p
rintDownloadProgress (node_mod
ules/mongodb-memory-server-cor
e/src/util/MongoBinaryDownload
.ts:664:15)

    console.log
      Downloading MongoDB 
"8.2.1": 2.1% (10.6mb / 
513.5mb)[0G

      at MongoBinaryDownload.p
rintDownloadProgress (node_mod
ules/mongodb-memory-server-cor
e/src/util/MongoBinaryDownload
.ts:664:15)

    console.log
      Downloading MongoDB 
"8.2.1": 2.3% (12.1mb / 
513.5mb)[0G

      at MongoBinaryDownload.p
rintDownloadProgress (node_mod
ules/mongodb-memory-server-cor
e/src/util/MongoBinaryDownload
.ts:664:15)

    console.log
      Downloading MongoDB 
"8.2.1": 2.6% (13.4mb / 
513.5mb)[0G

      at MongoBinaryDownload.p
rintDownloadProgress (node_mod
ules/mongodb-memory-server-cor
e/src/util/MongoBinaryDownload
.ts:664:15)

    console.log
      Downloading MongoDB 
"8.2.1": 2.9% (15.1mb / 
513.5mb)[0G

      at MongoBinaryDownload.p
rintDownloadProgress (node_mod
ules/mongodb-memory-server-cor
e/src/util/MongoBinaryDownload
.ts:664:15)

    console.log
      Downloading MongoDB 
"8.2.1": 3.2% (16.6mb / 
513.5mb)[0G

      at MongoBinaryDownload.p
rintDownloadProgress (node_mod
ules/mongodb-memory-server-cor
e/src/util/MongoBinaryDownload
.ts:664:15)

    console.log
      Downloading MongoDB 
"8.2.1": 3.4% (17.7mb / 
513.5mb)[0G

      at MongoBinaryDownload.p
rintDownloadProgress (node_mod
ules/mongodb-memory-server-cor
e/src/util/MongoBinaryDownload
.ts:664:15)

    console.log
      Downloading MongoDB 
"8.2.1": 3.9% (20.1mb / 
513.5mb)[0G

      at MongoBinaryDownload.p
rintDownloadProgress (node_mod
ules/mongodb-memory-server-cor
e/src/util/MongoBinaryDownload
.ts:664:15)

    console.log
      Downloading MongoDB 
"8.2.1": 4.4% (22.4mb / 
513.5mb)[0G

      at MongoBinaryDownload.p
rintDownloadProgress (node_mod
ules/mongodb-memory-server-cor
e/src/util/MongoBinaryDownload
.ts:664:15)

    console.log
      Downloading MongoDB 
"8.2.1": 4.6% (23.9mb / 
513.5mb)[0G

      at MongoBinaryDownload.p
rintDownloadProgress (node_mod
ules/mongodb-memory-server-cor
e/src/util/MongoBinaryDownload
.ts:664:15)

    console.log
      Downloading MongoDB 
"8.2.1": 4.9% (25.3mb / 
513.5mb)[0G

      at MongoBinaryDownload.p
rintDownloadProgress (node_mod
ules/mongodb-memory-server-cor
e/src/util/MongoBinaryDownload
.ts:664:15)

    console.log
      Downloading MongoDB 
"8.2.1": 5.2% (26.6mb / 
513.5mb)[0G

      at MongoBinaryDownload.p
rintDownloadProgress (node_mod
ules/mongodb-memory-server-cor
e/src/util/MongoBinaryDownload
.ts:664:15)

    console.log
      Downloading MongoDB 
"8.2.1": 5.3% (27.1mb / 
513.5mb)[0G

      at MongoBinaryDownload.p
rintDownloadProgress (node_mod
ules/mongodb-memory-server-cor
e/src/util/MongoBinaryDownload
.ts:664:15)

    console.log
      Downloading MongoDB 
"8.2.1": 5.6% (28.6mb / 
513.5mb)[0G

      at MongoBinaryDownload.p
rintDownloadProgress (node_mod
ules/mongodb-memory-server-cor
e/src/util/MongoBinaryDownload
.ts:664:15)

    console.log
      Downloading MongoDB 
"8.2.1": 5.9% (30.2mb / 
513.5mb)[0G

      at MongoBinaryDownload.p
rintDownloadProgress (node_mod
ules/mongodb-memory-server-cor
e/src/util/MongoBinaryDownload
.ts:664:15)

    console.log
      Downloading MongoDB 
"8.2.1": 6.1% (31.5mb / 
513.5mb)[0G

      at MongoBinaryDownload.p
rintDownloadProgress (node_mod
ules/mongodb-memory-server-cor
e/src/util/MongoBinaryDownload
.ts:664:15)

    console.log
      Downloading MongoDB 
"8.2.1": 6.5% (33.4mb / 
513.5mb)[0G

      at MongoBinaryDownload.p
rintDownloadProgress (node_mod
ules/mongodb-memory-server-cor
e/src/util/MongoBinaryDownload
.ts:664:15)

    console.log
      Downloading MongoDB 
"8.2.1": 6.8% (35.1mb / 
513.5mb)[0G

      at MongoBinaryDownload.p
rintDownloadProgress (node_mod
ules/mongodb-memory-server-cor
e/src/util/MongoBinaryDownload
.ts:664:15)

    console.log
      Downloading MongoDB 
"8.2.1": 7% (35.9mb / 
513.5mb)[0G

      at MongoBinaryDownload.p
rintDownloadProgress (node_mod
ules/mongodb-memory-server-cor
e/src/util/MongoBinaryDownload
.ts:664:15)

    console.log
      Downloading MongoDB 
"8.2.1": 7.2% (36.8mb / 
513.5mb)[0G

      at MongoBinaryDownload.p
rintDownloadProgress (node_mod
ules/mongodb-memory-server-cor
e/src/util/MongoBinaryDownload
.ts:664:15)

    console.log
      Downloading MongoDB 
"8.2.1": 7.4% (38mb / 
513.5mb)[0G

      at MongoBinaryDownload.p
rintDownloadProgress (node_mod
ules/mongodb-memory-server-cor
e/src/util/MongoBinaryDownload
.ts:664:15)

    console.log
      Downloading MongoDB 
"8.2.1": 7.6% (39mb / 
513.5mb)[0G

      at MongoBinaryDownload.p
rintDownloadProgress (node_mod
ules/mongodb-memory-server-cor
e/src/util/MongoBinaryDownload
.ts:664:15)

    console.log
      Downloading MongoDB 
"8.2.1": 7.9% (40.6mb / 
513.5mb)[0G

      at MongoBinaryDownload.p
rintDownloadProgress (node_mod
ules/mongodb-memory-server-cor
e/src/util/MongoBinaryDownload
.ts:664:15)

    console.log
      Downloading MongoDB 
"8.2.1": 8.1% (41.6mb / 
513.5mb)[0G

      at MongoBinaryDownload.p
rintDownloadProgress (node_mod
ules/mongodb-memory-server-cor
e/src/util/MongoBinaryDownload
.ts:664:15)

    console.log
      Downloading MongoDB 
"8.2.1": 8.5% (43.6mb / 
513.5mb)[0G

      at MongoBinaryDownload.p
rintDownloadProgress (node_mod
ules/mongodb-memory-server-cor
e/src/util/MongoBinaryDownload
.ts:664:15)

    console.log
      Downloading MongoDB 
"8.2.1": 8.8% (45.4mb / 
513.5mb)[0G

      at MongoBinaryDownload.p
rintDownloadProgress (node_mod
ules/mongodb-memory-server-cor
e/src/util/MongoBinaryDownload
.ts:664:15)

    console.log
      Downloading MongoDB 
"8.2.1": 9.1% (47mb / 
513.5mb)[0G

      at MongoBinaryDownload.p
rintDownloadProgress (node_mod
ules/mongodb-memory-server-cor
e/src/util/MongoBinaryDownload
.ts:664:15)

    console.log
      Downloading MongoDB 
"8.2.1": 9.4% (48.3mb / 
513.5mb)[0G

      at MongoBinaryDownload.p
rintDownloadProgress (node_mod
ules/mongodb-memory-server-cor
e/src/util/MongoBinaryDownload
.ts:664:15)

    console.log
      Downloading MongoDB 
"8.2.1": 9.6% (49.4mb / 
513.5mb)[0G

      at MongoBinaryDownload.p
rintDownloadProgress (node_mod
ules/mongodb-memory-server-cor
e/src/util/MongoBinaryDownload
.ts:664:15)

    console.log
      Downloading MongoDB 
"8.2.1": 9.9% (50.6mb / 
513.5mb)[0G

      at MongoBinaryDownload.p
rintDownloadProgress (node_mod
ules/mongodb-memory-server-cor
e/src/util/MongoBinaryDownload
.ts:664:15)

    console.log
      Downloading MongoDB 
"8.2.1": 10.1% (51.6mb / 
513.5mb)[0G

      at MongoBinaryDownload.p
rintDownloadProgress (node_mod
ules/mongodb-memory-server-cor
e/src/util/MongoBinaryDownload
.ts:664:15)

    console.log
      Downloading MongoDB 
"8.2.1": 10.3% (53.1mb / 
513.5mb)[0G

      at MongoBinaryDownload.p
rintDownloadProgress (node_mod
ules/mongodb-memory-server-cor
e/src/util/MongoBinaryDownload
.ts:664:15)

    console.log
      Downloading MongoDB 
"8.2.1": 10.6% (54.4mb / 
513.5mb)[0G

      at MongoBinaryDownload.p
rintDownloadProgress (node_mod
ules/mongodb-memory-server-cor
e/src/util/MongoBinaryDownload
.ts:664:15)

    console.log
      Downloading MongoDB 
"8.2.1": 10.7% (55mb / 
513.5mb)[0G

      at MongoBinaryDownload.p
rintDownloadProgress (node_mod
ules/mongodb-memory-server-cor
e/src/util/MongoBinaryDownload
.ts:664:15)

    console.log
      Downloading MongoDB 
"8.2.1": 10.9% (56.1mb / 
513.5mb)[0G

      at MongoBinaryDownload.p
rintDownloadProgress (node_mod
ules/mongodb-memory-server-cor
e/src/util/MongoBinaryDownload
.ts:664:15)

    console.log
      Downloading MongoDB 
"8.2.1": 11.2% (57.5mb / 
513.5mb)[0G

      at MongoBinaryDownload.p
rintDownloadProgress (node_mod
ules/mongodb-memory-server-cor
e/src/util/MongoBinaryDownload
.ts:664:15)

    console.log
      Downloading MongoDB 
"8.2.1": 11.5% (59.2mb / 
513.5mb)[0G

      at MongoBinaryDownload.p
rintDownloadProgress (node_mod
ules/mongodb-memory-server-cor
e/src/util/MongoBinaryDownload
.ts:664:15)

    console.log
      Downloading MongoDB 
"8.2.1": 11.8% (60.5mb / 
513.5mb)[0G

      at MongoBinaryDownload.p
rintDownloadProgress (node_mod
ules/mongodb-memory-server-cor
e/src/util/MongoBinaryDownload
.ts:664:15)

    console.log
      Downloading MongoDB 
"8.2.1": 12% (61.7mb / 
513.5mb)[0G

      at MongoBinaryDownload.p
rintDownloadProgress (node_mod
ules/mongodb-memory-server-cor
e/src/util/MongoBinaryDownload
.ts:664:15)

    console.log
      Downloading MongoDB 
"8.2.1": 12.3% (63.2mb / 
513.5mb)[0G

      at MongoBinaryDownload.p
rintDownloadProgress (node_mod
ules/mongodb-memory-server-cor
e/src/util/MongoBinaryDownload
.ts:664:15)

    console.log
      Downloading MongoDB 
"8.2.1": 12.7% (65.1mb / 
513.5mb)[0G

      at MongoBinaryDownload.p
rintDownloadProgress (node_mod
ules/mongodb-memory-server-cor
e/src/util/MongoBinaryDownload
.ts:664:15)

    console.log
      Downloading MongoDB 
"8.2.1": 13% (66.6mb / 
513.5mb)[0G

      at MongoBinaryDownload.p
rintDownloadProgress (node_mod
ules/mongodb-memory-server-cor
e/src/util/MongoBinaryDownload
.ts:664:15)

    console.log
      Downloading MongoDB 
"8.2.1": 13.3% (68.3mb / 
513.5mb)[0G

      at MongoBinaryDownload.p
rintDownloadProgress (node_mod
ules/mongodb-memory-server-cor
e/src/util/MongoBinaryDownload
.ts:664:15)

    console.log
      Downloading MongoDB 
"8.2.1": 13.5% (69.5mb / 
513.5mb)[0G

      at MongoBinaryDownload.p
rintDownloadProgress (node_mod
ules/mongodb-memory-server-cor
e/src/util/MongoBinaryDownload
.ts:664:15)

    console.log
      Downloading MongoDB 
"8.2.1": 13.8% (70.8mb / 
513.5mb)[0G

      at MongoBinaryDownload.p
rintDownloadProgress (node_mod
ules/mongodb-memory-server-cor
e/src/util/MongoBinaryDownload
.ts:664:15)

    console.log
      Downloading MongoDB 
"8.2.1": 14% (71.8mb / 
513.5mb)[0G

      at MongoBinaryDownload.p
rintDownloadProgress (node_mod
ules/mongodb-memory-server-cor
e/src/util/MongoBinaryDownload
.ts:664:15)

    console.log
      Downloading MongoDB 
"8.2.1": 14.2% (72.7mb / 
513.5mb)[0G

      at MongoBinaryDownload.p
rintDownloadProgress (node_mod
ules/mongodb-memory-server-cor
e/src/util/MongoBinaryDownload
.ts:664:15)

  ΓùÅ Refund System ΓÇ║ 
should give full refund when 
order was pending at 
cancellation

    thrown: "Exceeded timeout 
of 60000 ms for a hook.
    Add a timeout value to 
this test to increase the 
timeout, if this is a 
long-running test. See https:/
/jestjs.io/docs/api#testname-f
n-timeout."

    [0m [90m  6 |[39m
     [90m  7 |[39m [90m// 
Start in-memory MongoDB 
before all tests[39m
    [31m[1m>[22m[39m[90m 
 8 |[39m 
beforeAll([36masync[39m () 
[33m=>[39m {
     [90m    |[39m 
[31m[1m^[22m[39m
     [90m  9 |[39m     
mongod [33m=[39m 
[36mawait[39m [33mMongoMemo
ryServer[39m[33m.[39mcreate
()[33m;[39m
     [90m 10 |[39m     
[36mconst[39m uri 
[33m=[39m mongod[33m.[39mg
etUri()[33m;[39m
     [90m 11 |[39m     
[36mawait[39m mongoose[33m.
[39mconnect(uri)[33m;[39m[
0m

      at tests/setup.js:8:1

  ΓùÅ Refund System ΓÇ║ 
should give full refund when 
order was pending at 
cancellation

    MongooseError: Operation 
`orders.deleteMany()` 
buffering timed out after 
10000ms

      at Timeout.<anonymous> (
node_modules/mongoose/lib/driv
ers/node-mongodb-native/collec
tion.js:187:23)

  ΓùÅ Refund System ΓÇ║ 
should retain 10% commission 
when order was accepted at 
cancellation

    thrown: "Exceeded timeout 
of 60000 ms for a hook.
    Add a timeout value to 
this test to increase the 
timeout, if this is a 
long-running test. See https:/
/jestjs.io/docs/api#testname-f
n-timeout."

    [0m [90m  6 |[39m
     [90m  7 |[39m [90m// 
Start in-memory MongoDB 
before all tests[39m
    [31m[1m>[22m[39m[90m 
 8 |[39m 
beforeAll([36masync[39m () 
[33m=>[39m {
     [90m    |[39m 
[31m[1m^[22m[39m
     [90m  9 |[39m     
mongod [33m=[39m 
[36mawait[39m [33mMongoMemo
ryServer[39m[33m.[39mcreate
()[33m;[39m
     [90m 10 |[39m     
[36mconst[39m uri 
[33m=[39m mongod[33m.[39mg
etUri()[33m;[39m
     [90m 11 |[39m     
[36mawait[39m mongoose[33m.
[39mconnect(uri)[33m;[39m[
0m

      at tests/setup.js:8:1

  ΓùÅ Refund System ΓÇ║ 
should retain 10% commission 
when order was accepted at 
cancellation

    MongooseError: Operation 
`orders.deleteMany()` 
buffering timed out after 
10000ms

      at Timeout.<anonymous> (
node_modules/mongoose/lib/driv
ers/node-mongodb-native/collec
tion.js:187:23)

  ΓùÅ Refund System ΓÇ║ 
should be idempotent ΓÇö 
calling twice does not 
double-refund

    thrown: "Exceeded timeout 
of 60000 ms for a hook.
    Add a timeout value to 
this test to increase the 
timeout, if this is a 
long-running test. See https:/
/jestjs.io/docs/api#testname-f
n-timeout."

    [0m [90m  6 |[39m
     [90m  7 |[39m [90m// 
Start in-memory MongoDB 
before all tests[39m
    [31m[1m>[22m[39m[90m 
 8 |[39m 
beforeAll([36masync[39m () 
[33m=>[39m {
     [90m    |[39m 
[31m[1m^[22m[39m
     [90m  9 |[39m     
mongod [33m=[39m 
[36mawait[39m [33mMongoMemo
ryServer[39m[33m.[39mcreate
()[33m;[39m
     [90m 10 |[39m     
[36mconst[39m uri 
[33m=[39m mongod[33m.[39mg
etUri()[33m;[39m
     [90m 11 |[39m     
[36mawait[39m mongoose[33m.
[39mconnect(uri)[33m;[39m[
0m

      at tests/setup.js:8:1

  ΓùÅ Refund System ΓÇ║ 
should be idempotent ΓÇö 
calling twice does not 
double-refund

    MongooseError: Operation 
`orders.deleteMany()` 
buffering timed out after 
10000ms

      at Timeout.<anonymous> (
node_modules/mongoose/lib/driv
ers/node-mongodb-native/collec
tion.js:187:23)

  ΓùÅ Refund System ΓÇ║ 
should not refund unpaid 
orders

    thrown: "Exceeded timeout 
of 60000 ms for a hook.
    Add a timeout value to 
this test to increase the 
timeout, if this is a 
long-running test. See https:/
/jestjs.io/docs/api#testname-f
n-timeout."

    [0m [90m  6 |[39m
     [90m  7 |[39m [90m// 
Start in-memory MongoDB 
before all tests[39m
    [31m[1m>[22m[39m[90m 
 8 |[39m 
beforeAll([36masync[39m () 
[33m=>[39m {
     [90m    |[39m 
[31m[1m^[22m[39m
     [90m  9 |[39m     
mongod [33m=[39m 
[36mawait[39m [33mMongoMemo
ryServer[39m[33m.[39mcreate
()[33m;[39m
     [90m 10 |[39m     
[36mconst[39m uri 
[33m=[39m mongod[33m.[39mg
etUri()[33m;[39m
     [90m 11 |[39m     
[36mawait[39m mongoose[33m.
[39mconnect(uri)[33m;[39m[
0m

      at tests/setup.js:8:1

  ΓùÅ Refund System ΓÇ║ 
should not refund unpaid 
orders

    MongooseError: Operation 
`orders.deleteMany()` 
buffering timed out after 
10000ms

      at Timeout.<anonymous> (
node_modules/mongoose/lib/driv
ers/node-mongodb-native/collec
tion.js:187:23)

  ΓùÅ Refund System ΓÇ║ 
should update order 
paymentStatus to refunded

    thrown: "Exceeded timeout 
of 60000 ms for a hook.
    Add a timeout value to 
this test to increase the 
timeout, if this is a 
long-running test. See https:/
/jestjs.io/docs/api#testname-f
n-timeout."

    [0m [90m  6 |[39m
     [90m  7 |[39m [90m// 
Start in-memory MongoDB 
before all tests[39m
    [31m[1m>[22m[39m[90m 
 8 |[39m 
beforeAll([36masync[39m () 
[33m=>[39m {
     [90m    |[39m 
[31m[1m^[22m[39m
     [90m  9 |[39m     
mongod [33m=[39m 
[36mawait[39m [33mMongoMemo
ryServer[39m[33m.[39mcreate
()[33m;[39m
     [90m 10 |[39m     
[36mconst[39m uri 
[33m=[39m mongod[33m.[39mg
etUri()[33m;[39m
     [90m 11 |[39m     
[36mawait[39m mongoose[33m.
[39mconnect(uri)[33m;[39m[
0m

      at tests/setup.js:8:1

  ΓùÅ Refund System ΓÇ║ 
should update order 
paymentStatus to refunded

    MongooseError: Operation 
`orders.deleteMany()` 
buffering timed out after 
10000ms

      at Timeout.<anonymous> (
node_modules/mongoose/lib/driv
ers/node-mongodb-native/collec
tion.js:187:23)


  ΓùÅ Test suite failed to run

    TypeError: Cannot read 
properties of undefined 
(reading 'stop')

    [0m [90m 23 |[39m 
afterAll([36masync[39m () 
[33m=>[39m {
     [90m 24 |[39m     
[36mawait[39m mongoose[33m.
[39mdisconnect()[33m;[39m
    [31m[1m>[22m[39m[90m 
25 |[39m     [36mawait[39m 
mongod[33m.[39mstop()[33m;
[39m
     [90m    |[39m          
        [31m[1m^[22m[39m
     [90m 26 |[39m 
})[33m;[39m
     [90m 27 |[39m
     [90m 28 |[39m [90m// 
Mock nodemailer so no real 
emails are sent[39m[0m

      at Object.<anonymous> 
(tests/setup.js:25:18)


  ΓùÅ  Cannot log after tests 
are done. Did you forget to 
wait for something async in 
your test?
    Attempted to log 
"Downloading MongoDB "8.2.1": 
14.2% (73.1mb / 513.5mb)[0G".

      at console.log (node_mod
ules/@jest/console/build/index
.js:147:10)
      at MongoBinaryDownload.p
rintDownloadProgress (node_mod
ules/mongodb-memory-server-cor
e/src/util/MongoBinaryDownload
.ts:664:15)
      at 
IncomingMessage.<anonymous> (n
ode_modules/mongodb-memory-ser
ver-core/src/util/MongoBinaryD
ownload.ts:610:16)


  ΓùÅ  Cannot log after tests 
are done. Did you forget to 
wait for something async in 
your test?
    Attempted to log 
"Downloading MongoDB "8.2.1": 
14.6% (74.9mb / 513.5mb)[0G".

      at console.log (node_mod
ules/@jest/console/build/index
.js:147:10)
      at MongoBinaryDownload.p
rintDownloadProgress (node_mod
ules/mongodb-memory-server-cor
e/src/util/MongoBinaryDownload
.ts:664:15)
      at 
IncomingMessage.<anonymous> (n
ode_modules/mongodb-memory-ser
ver-core/src/util/MongoBinaryD
ownload.ts:610:16)


  ΓùÅ  Cannot log after tests 
are done. Did you forget to 
wait for something async in 
your test?
    Attempted to log 
"Downloading MongoDB "8.2.1": 
14.8% (76.1mb / 513.5mb)[0G".

      at console.log (node_mod
ules/@jest/console/build/index
.js:147:10)
      at MongoBinaryDownload.p
rintDownloadProgress (node_mod
ules/mongodb-memory-server-cor
e/src/util/MongoBinaryDownload
.ts:664:15)
      at 
IncomingMessage.<anonymous> (n
ode_modules/mongodb-memory-ser
ver-core/src/util/MongoBinaryD
ownload.ts:610:16)


  ΓùÅ  Cannot log after tests 
are done. Did you forget to 
wait for something async in 
your test?
    Attempted to log 
"Downloading MongoDB "8.2.1": 
15% (77.1mb / 513.5mb)[0G".

      at console.log (node_mod
ules/@jest/console/build/index
.js:147:10)
      at MongoBinaryDownload.p
rintDownloadProgress (node_mod
ules/mongodb-memory-server-cor
e/src/util/MongoBinaryDownload
.ts:664:15)
      at 
IncomingMessage.<anonymous> (n
ode_modules/mongodb-memory-ser
ver-core/src/util/MongoBinaryD
ownload.ts:610:16)


  ΓùÅ  Cannot log after tests 
are done. Did you forget to 
wait for something async in 
your test?
    Attempted to log 
"Downloading MongoDB "8.2.1": 
15.1% (77.8mb / 513.5mb)[0G".

      at console.log (node_mod
ules/@jest/console/build/index
.js:147:10)
      at MongoBinaryDownload.p
rintDownloadProgress (node_mod
ules/mongodb-memory-server-cor
e/src/util/MongoBinaryDownload
.ts:664:15)
      at 
IncomingMessage.<anonymous> (n
ode_modules/mongodb-memory-ser
ver-core/src/util/MongoBinaryD
ownload.ts:610:16)


  ΓùÅ  Cannot log after tests 
are done. Did you forget to 
wait for something async in 
your test?
    Attempted to log 
"Downloading MongoDB "8.2.1": 
15.3% (78.6mb / 513.5mb)[0G".

      at console.log (node_mod
ules/@jest/console/build/index
.js:147:10)
      at MongoBinaryDownload.p
rintDownloadProgress (node_mod
ules/mongodb-memory-server-cor
e/src/util/MongoBinaryDownload
.ts:664:15)
      at 
IncomingMessage.<anonymous> (n
ode_modules/mongodb-memory-ser
ver-core/src/util/MongoBinaryD
ownload.ts:610:16)


  ΓùÅ  Cannot log after tests 
are done. Did you forget to 
wait for something async in 
your test?
    Attempted to log 
"Downloading MongoDB "8.2.1": 
15.5% (79.5mb / 513.5mb)[0G".

      at console.log (node_mod
ules/@jest/console/build/index
.js:147:10)
      at MongoBinaryDownload.p
rintDownloadProgress (node_mod
ules/mongodb-memory-server-cor
e/src/util/MongoBinaryDownload
.ts:664:15)
      at 
IncomingMessage.<anonymous> (n
ode_modules/mongodb-memory-ser
ver-core/src/util/MongoBinaryD
ownload.ts:610:16)


  ΓùÅ  Cannot log after tests 
are done. Did you forget to 
wait for something async in 
your test?
    Attempted to log 
"Downloading MongoDB "8.2.1": 
15.6% (80.4mb / 513.5mb)[0G".

      at console.log (node_mod
ules/@jest/console/build/index
.js:147:10)
      at MongoBinaryDownload.p
rintDownloadProgress (node_mod
ules/mongodb-memory-server-cor
e/src/util/MongoBinaryDownload
.ts:664:15)
      at 
IncomingMessage.<anonymous> (n
ode_modules/mongodb-memory-ser
ver-core/src/util/MongoBinaryD
ownload.ts:610:16)


  ΓùÅ  Cannot log after tests 
are done. Did you forget to 
wait for something async in 
your test?
    Attempted to log 
"Downloading MongoDB "8.2.1": 
15.8% (81.2mb / 513.5mb)[0G".

      at console.log (node_mod
ules/@jest/console/build/index
.js:147:10)
      at MongoBinaryDownload.p
rintDownloadProgress (node_mod
ules/mongodb-memory-server-cor
e/src/util/MongoBinaryDownload
.ts:664:15)
      at 
IncomingMessage.<anonymous> (n
ode_modules/mongodb-memory-ser
ver-core/src/util/MongoBinaryD
ownload.ts:610:16)


  ΓùÅ  Cannot log after tests 
are done. Did you forget to 
wait for something async in 
your test?
    Attempted to log 
"Downloading MongoDB "8.2.1": 
16% (82mb / 513.5mb)[0G".

      at console.log (node_mod
ules/@jest/console/build/index
.js:147:10)
      at MongoBinaryDownload.p
rintDownloadProgress (node_mod
ules/mongodb-memory-server-cor
e/src/util/MongoBinaryDownload
.ts:664:15)
      at 
IncomingMessage.<anonymous> (n
ode_modules/mongodb-memory-ser
ver-core/src/util/MongoBinaryD
ownload.ts:610:16)


  ΓùÅ  Cannot log after tests 
are done. Did you forget to 
wait for something async in 
your test?
    Attempted to log 
"Downloading MongoDB "8.2.1": 
16.1% (82.9mb / 513.5mb)[0G".

      at console.log (node_mod
ules/@jest/console/build/index
.js:147:10)
      at MongoBinaryDownload.p
rintDownloadProgress (node_mod
ules/mongodb-memory-server-cor
e/src/util/MongoBinaryDownload
.ts:664:15)
      at 
IncomingMessage.<anonymous> (n
ode_modules/mongodb-memory-ser
ver-core/src/util/MongoBinaryD
ownload.ts:610:16)


  ΓùÅ  Cannot log after tests 
are done. Did you forget to 
wait for something async in 
your test?
    Attempted to log 
"Downloading MongoDB "8.2.1": 
16.3% (83.8mb / 513.5mb)[0G".

      at console.log (node_mod
ules/@jest/console/build/index
.js:147:10)
      at MongoBinaryDownload.p
rintDownloadProgress (node_mod
ules/mongodb-memory-server-cor
e/src/util/MongoBinaryDownload
.ts:664:15)
      at 
IncomingMessage.<anonymous> (n
ode_modules/mongodb-memory-ser
ver-core/src/util/MongoBinaryD
ownload.ts:610:16)


  ΓùÅ  Cannot log after tests 
are done. Did you forget to 
wait for something async in 
your test?
    Attempted to log 
"Downloading MongoDB "8.2.1": 
16.5% (84.5mb / 513.5mb)[0G".

      at console.log (node_mod
ules/@jest/console/build/index
.js:147:10)
      at MongoBinaryDownload.p
rintDownloadProgress (node_mod
ules/mongodb-memory-server-cor
e/src/util/MongoBinaryDownload
.ts:664:15)
      at 
IncomingMessage.<anonymous> (n
ode_modules/mongodb-memory-ser
ver-core/src/util/MongoBinaryD
ownload.ts:610:16)


  ΓùÅ  Cannot log after tests 
are done. Did you forget to 
wait for something async in 
your test?
    Attempted to log 
"Downloading MongoDB "8.2.1": 
16.7% (85.5mb / 513.5mb)[0G".

      at console.log (node_mod
ules/@jest/console/build/index
.js:147:10)
      at MongoBinaryDownload.p
rintDownloadProgress (node_mod
ules/mongodb-memory-server-cor
e/src/util/MongoBinaryDownload
.ts:664:15)
      at 
IncomingMessage.<anonymous> (n
ode_modules/mongodb-memory-ser
ver-core/src/util/MongoBinaryD
ownload.ts:610:16)


  ΓùÅ  Cannot log after tests 
are done. Did you forget to 
wait for something async in 
your test?
    Attempted to log 
"Downloading MongoDB "8.2.1": 
16.8% (86.5mb / 513.5mb)[0G".

      at console.log (node_mod
ules/@jest/console/build/index
.js:147:10)
      at MongoBinaryDownload.p
rintDownloadProgress (node_mod
ules/mongodb-memory-server-cor
e/src/util/MongoBinaryDownload
.ts:664:15)
      at 
IncomingMessage.<anonymous> (n
ode_modules/mongodb-memory-ser
ver-core/src/util/MongoBinaryD
ownload.ts:610:16)


  ΓùÅ  Cannot log after tests 
are done. Did you forget to 
wait for something async in 
your test?
    Attempted to log 
"Downloading MongoDB "8.2.1": 
17% (87.4mb / 513.5mb)[0G".

      at console.log (node_mod
ules/@jest/console/build/index
.js:147:10)
      at MongoBinaryDownload.p
rintDownloadProgress (node_mod
ules/mongodb-memory-server-cor
e/src/util/MongoBinaryDownload
.ts:664:15)
      at 
IncomingMessage.<anonymous> (n
ode_modules/mongodb-memory-ser
ver-core/src/util/MongoBinaryD
ownload.ts:610:16)


  ΓùÅ  Cannot log after tests 
are done. Did you forget to 
wait for something async in 
your test?
    Attempted to log 
"Downloading MongoDB "8.2.1": 
17.2% (88.4mb / 513.5mb)[0G".

      at console.log (node_mod
ules/@jest/console/build/index
.js:147:10)
      at MongoBinaryDownload.p
rintDownloadProgress (node_mod
ules/mongodb-memory-server-cor
e/src/util/MongoBinaryDownload
.ts:664:15)
      at 
IncomingMessage.<anonymous> (n
ode_modules/mongodb-memory-ser
ver-core/src/util/MongoBinaryD
ownload.ts:610:16)


  ΓùÅ  Cannot log after tests 
are done. Did you forget to 
wait for something async in 
your test?
    Attempted to log 
"Downloading MongoDB "8.2.1": 
17.4% (89.3mb / 513.5mb)[0G".

      at console.log (node_mod
ules/@jest/console/build/index
.js:147:10)
      at MongoBinaryDownload.p
rintDownloadProgress (node_mod
ules/mongodb-memory-server-cor
e/src/util/MongoBinaryDownload
.ts:664:15)
      at 
IncomingMessage.<anonymous> (n
ode_modules/mongodb-memory-ser
ver-core/src/util/MongoBinaryD
ownload.ts:610:16)


  ΓùÅ  Cannot log after tests 
are done. Did you forget to 
wait for something async in 
your test?
    Attempted to log 
"Downloading MongoDB "8.2.1": 
17.6% (90.3mb / 513.5mb)[0G".

      at console.log (node_mod
ules/@jest/console/build/index
.js:147:10)
      at MongoBinaryDownload.p
rintDownloadProgress (node_mod
ules/mongodb-memory-server-cor
e/src/util/MongoBinaryDownload
.ts:664:15)
      at 
IncomingMessage.<anonymous> (n
ode_modules/mongodb-memory-ser
ver-core/src/util/MongoBinaryD
ownload.ts:610:16)


  ΓùÅ  Cannot log after tests 
are done. Did you forget to 
wait for something async in 
your test?
    Attempted to log 
"Downloading MongoDB "8.2.1": 
17.8% (91.2mb / 513.5mb)[0G".

      at console.log (node_mod
ules/@jest/console/build/index
.js:147:10)
      at MongoBinaryDownload.p
rintDownloadProgress (node_mod
ules/mongodb-memory-server-cor
e/src/util/MongoBinaryDownload
.ts:664:15)
      at 
IncomingMessage.<anonymous> (n
ode_modules/mongodb-memory-ser
ver-core/src/util/MongoBinaryD
ownload.ts:610:16)


  ΓùÅ  Cannot log after tests 
are done. Did you forget to 
wait for something async in 
your test?
    Attempted to log 
"Downloading MongoDB "8.2.1": 
17.9% (92mb / 513.5mb)[0G".

      at console.log (node_mod
ules/@jest/console/build/index
.js:147:10)
      at MongoBinaryDownload.p
rintDownloadProgress (node_mod
ules/mongodb-memory-server-cor
e/src/util/MongoBinaryDownload
.ts:664:15)
      at 
IncomingMessage.<anonymous> (n
ode_modules/mongodb-memory-ser
ver-core/src/util/MongoBinaryD
ownload.ts:610:16)


  ΓùÅ  Cannot log after tests 
are done. Did you forget to 
wait for something async in 
your test?
    Attempted to log 
"Downloading MongoDB "8.2.1": 
18.1% (92.8mb / 513.5mb)[0G".

      at console.log (node_mod
ules/@jest/console/build/index
.js:147:10)
      at MongoBinaryDownload.p
rintDownloadProgress (node_mod
ules/mongodb-memory-server-cor
e/src/util/MongoBinaryDownload
.ts:664:15)
      at 
IncomingMessage.<anonymous> (n
ode_modules/mongodb-memory-ser
ver-core/src/util/MongoBinaryD
ownload.ts:610:16)


  ΓùÅ  Cannot log after tests 
are done. Did you forget to 
wait for something async in 
your test?
    Attempted to log 
"Downloading MongoDB "8.2.1": 
18.2% (93.5mb / 513.5mb)[0G".

      at console.log (node_mod
ules/@jest/console/build/index
.js:147:10)
      at MongoBinaryDownload.p
rintDownloadProgress (node_mod
ules/mongodb-memory-server-cor
e/src/util/MongoBinaryDownload
.ts:664:15)
      at 
IncomingMessage.<anonymous> (n
ode_modules/mongodb-memory-ser
ver-core/src/util/MongoBinaryD
ownload.ts:610:16)


  ΓùÅ  Cannot log after tests 
are done. Did you forget to 
wait for something async in 
your test?
    Attempted to log 
"Downloading MongoDB "8.2.1": 
18.3% (94.2mb / 513.5mb)[0G".

      at console.log (node_mod
ules/@jest/console/build/index
.js:147:10)
      at MongoBinaryDownload.p
rintDownloadProgress (node_mod
ules/mongodb-memory-server-cor
e/src/util/MongoBinaryDownload
.ts:664:15)
      at 
IncomingMessage.<anonymous> (n
ode_modules/mongodb-memory-ser
ver-core/src/util/MongoBinaryD
ownload.ts:610:16)


  ΓùÅ  Cannot log after tests 
are done. Did you forget to 
wait for something async in 
your test?
    Attempted to log 
"Downloading MongoDB "8.2.1": 
18.5% (95mb / 513.5mb)[0G".

      at console.log (node_mod
ules/@jest/console/build/index
.js:147:10)
      at MongoBinaryDownload.p
rintDownloadProgress (node_mod
ules/mongodb-memory-server-cor
e/src/util/MongoBinaryDownload
.ts:664:15)
      at 
IncomingMessage.<anonymous> (n
ode_modules/mongodb-memory-ser
ver-core/src/util/MongoBinaryD
ownload.ts:610:16)


  ΓùÅ  Cannot log after tests 
are done. Did you forget to 
wait for something async in 
your test?
    Attempted to log 
"Downloading MongoDB "8.2.1": 
18.6% (95.3mb / 513.5mb)[0G".

      at console.log (node_mod
ules/@jest/console/build/index
.js:147:10)
      at MongoBinaryDownload.p
rintDownloadProgress (node_mod
ules/mongodb-memory-server-cor
e/src/util/MongoBinaryDownload
.ts:664:15)
      at 
IncomingMessage.<anonymous> (n
ode_modules/mongodb-memory-ser
ver-core/src/util/MongoBinaryD
ownload.ts:610:16)


  ΓùÅ  Cannot log after tests 
are done. Did you forget to 
wait for something async in 
your test?
    Attempted to log 
"Downloading MongoDB "8.2.1": 
18.6% (95.6mb / 513.5mb)[0G".

      at console.log (node_mod
ules/@jest/console/build/index
.js:147:10)
      at MongoBinaryDownload.p
rintDownloadProgress (node_mod
ules/mongodb-memory-server-cor
e/src/util/MongoBinaryDownload
.ts:664:15)
      at 
IncomingMessage.<anonymous> (n
ode_modules/mongodb-memory-ser
ver-core/src/util/MongoBinaryD
ownload.ts:610:16)


  ΓùÅ  Cannot log after tests 
are done. Did you forget to 
wait for something async in 
your test?
    Attempted to log 
"Downloading MongoDB "8.2.1": 
18.7% (96.1mb / 513.5mb)[0G".

      at console.log (node_mod
ules/@jest/console/build/index
.js:147:10)
      at MongoBinaryDownload.p
rintDownloadProgress (node_mod
ules/mongodb-memory-server-cor
e/src/util/MongoBinaryDownload
.ts:664:15)
      at 
IncomingMessage.<anonymous> (n
ode_modules/mongodb-memory-ser
ver-core/src/util/MongoBinaryD
ownload.ts:610:16)


  ΓùÅ  Cannot log after tests 
are done. Did you forget to 
wait for something async in 
your test?
    Attempted to log 
"Downloading MongoDB "8.2.1": 
18.8% (96.6mb / 513.5mb)[0G".

      at console.log (node_mod
ules/@jest/console/build/index
.js:147:10)
      at MongoBinaryDownload.p
rintDownloadProgress (node_mod
ules/mongodb-memory-server-cor
e/src/util/MongoBinaryDownload
.ts:664:15)
      at 
IncomingMessage.<anonymous> (n
ode_modules/mongodb-memory-ser
ver-core/src/util/MongoBinaryD
ownload.ts:610:16)


  ΓùÅ  Cannot log after tests 
are done. Did you forget to 
wait for something async in 
your test?
    Attempted to log 
"Downloading MongoDB "8.2.1": 
19% (97.4mb / 513.5mb)[0G".

      at console.log (node_mod
ules/@jest/console/build/index
.js:147:10)
      at MongoBinaryDownload.p
rintDownloadProgress (node_mod
ules/mongodb-memory-server-cor
e/src/util/MongoBinaryDownload
.ts:664:15)
      at 
IncomingMessage.<anonymous> (n
ode_modules/mongodb-memory-ser
ver-core/src/util/MongoBinaryD
ownload.ts:610:16)

